// 同步 ID: 7d599ac9 @ Fri Jul 17 13:10:00 UTC 2026
// 同步 ID: 2d26fdc5 @ Fri Jul 17 17:53:57 UTC 2026
// 同步 ID: d74788b7 @ Sat Jul 18 19:33:47 UTC 2026
// 重构日志: 1ef9202b
// 重构日志: 7efb2f8a
// 重构日志: 977119f9
// 重构日志: b0d5683f
// 重构日志: fee14ea7
// 重构日志: 02b975f3
// 重构日志: f6a7191f
// 同步 ID: 574e1bb3 @ Mon Jul 20 18:02:20 UTC 2026
// 同步 ID: a43d5cb7 @ Tue Jul 21 02:04:00 UTC 2026
// 同步 ID: 99a1204e @ Wed Jul 22 08:04:37 UTC 2026
// 重构日志: bdc3ba4b
// 重构日志: e1ee775a
// 重构日志: 64d13478
// 重构日志: ccb563de
// 重构日志: db99523e
// 同步 ID: 0bed2e24 @ Sat Jul 25 05:11:08 UTC 2026
// 重构日志: cb08d618
// 重构日志: b6310598
// 同步 ID: 01448bb2 @ Sun Jul 26 17:38:31 UTC 2026
// 同步 ID: 8dceb397 @ Mon Jul 27 17:39:07 UTC 2026
// 重构日志: 55b3b875
// 同步 ID: a645a40b @ Wed Jul 29 19:43:46 UTC 2026
// 重构日志: 7eb8e22f
// 同步 ID: 3b43adca @ Thu Jul 30 07:56:18 UTC 2026
// 同步 ID: e40d5f28 @ Thu Jul 30 12:46:33 UTC 2026
// 同步 ID: e9045277 @ Thu Jul 30 15:55:56 UTC 2026
// 同步 ID: 09473ece @ Sat Aug  1 05:24:05 UTC 2026
